206 of 209 templates to describe
[1/206] aint-got-time: This meme features the viral clip of Sweet Brown saying 'Ain't nobody got time for that' t
[2/206] agnes: This meme features a woman winking with an exaggerated, open-mouthed expression, conveying
[3/206] ams: This meme uses the seal's innocent yet slightly guilty expression to depict a situation wh
[4/206] afraid: This meme expresses a sense of awkwardness or confusion where someone is unsure about a si
[5/206] ants: This meme uses a serious, noir-style detective to deliver a stern warning about a specific
[6/206] astronaut: This meme is used to mock someone for questioning a well-established fact or scientific co
[7/206] apcr: This meme expresses a 'screw you' attitude where the person admits to a progressive or soc
[8/206] atis: This meme uses a photo of elderly politicians laughing hysterically to represent a situati
[9/206] away: This meme uses a shot of a character looking shocked and awestruck to express amazement at
[10/206] awesome-awkward: This meme depicts a penguin standing confidently in a bright red zone, but its lower half 
[11/206] awkward: This meme depicts a penguin walking with a stiff, awkward posture, representing the feelin
[12/206] awesome: This meme depicts a penguin walking with exaggerated confidence and nonchalance, represent
[13/206] awkward-awesome: This meme depicts a penguin standing awkwardly in the center of a geometric background, re
[14/206] bad: This meme is used to mock someone for a perceived failure or bad decision, expressing a sm
[15/206] badchoice: This meme expresses a sense of regret, confusion, or self-deprecation after making a poor 
[16/206] balloon: The meme depicts a character happily reaching for a large, desirable object, only to be bl
[17/206] bd: This meme features a man with a very red, acne-covered face, representing someone who is '
[18/206] bender: This meme uses the character Bender from Futurama to express a bold, often absurd, or over
[19/206] because: This meme uses a scene from the movie 'Men in Black' to express a defensive or reactive at
[20/206] bihw: This meme features a smiling farmer in a field, expressing a sense of quiet pride and cont
[21/206] bilbo: This meme uses a clip of a character (often associated with the movie 'The Prestige') who 
[22/206] biw: This meme features a baby wolf looking up with an ecstatic, almost unhinged expression, of
[23/206] blb: This meme features a boy with a painfully awkward, toothy grin, representing someone who i
[24/206] boat: This meme features a cat dressed in a suit sitting at a table with a newspaper and coffee,
[25/206] bongo: This meme uses the Bongo Cat template to humorously contrast two states of being, typicall
[26/206] both: This meme expresses the attitude that you do not have to choose between two seemingly oppo
[27/206] box: This meme expresses intense, almost painful curiosity or anxiety about an unknown outcome 
[28/206] bs: This meme uses the image of a person holding a shark by the gills, captioned 'This is Bull
[29/206] bus: This meme depicts a stark contrast between two experiences, usually representing a decline
[30/206] buzz: This meme uses the visual of Woody looking confused and concerned while Buzz excitedly poi
[31/206] cake: This meme features the character Milton from the movie 'Office Space', who is known for hi
[32/206] captain: This meme features a character from the movie '28 Days Later' who has just regained his sa
[33/206] cb: This meme features a bear with a guilty, sheepish expression, typically used to confess a 
[34/206] captain-america: This meme uses the tense standoff from 'Captain America: The Winter Soldier' to frame a co
[35/206] cbb: This meme depicts Bugs Bunny holding a hammer and sickle, symbolizing communist or sociali
[36/206] cbg: This meme expresses extreme, exaggerated disgust or disappointment, often used to mock som
[37/206] ch: This meme features the character Captain Hindsight, who is only useful after an event has 
[38/206] center: This meme expresses mock outrage and disbelief at a situation that is absurdly small, insi
[39/206] chair: This meme depicts a rapid escalation of a heated argument between two people, where one si
[40/206] cmm: This meme uses the 'Change My Mind' format to present a controversial, absurd, or factuall
[41/206] chosen: This meme expresses extreme disappointment, betrayal, or shock that a trusted person or en
[42/206] cheems: This meme features the dog Cheems looking smug and confident, often with a slight smile. I
[43/206] country: This meme uses a chaotic scene from The Simpsons to express disbelief or frustration at a 
[44/206] crazypills: This meme features a man with an intense, manic expression, expressing a feeling of extrem
[45/206] crowd: This meme expresses a sudden, overwhelming success or a 'holy shit' moment, represented by
[46/206] crow: This meme depicts a bird performing a repetitive or low-effort joke that gets mocked by an
[47/206] cryingfloor: This meme expresses a feeling of deep sadness, defeat, or exhaustion, often in response to
[48/206] dbg: This meme expresses the humorous and often painful gap between a positive expectation and 
[49/206] db: This meme expresses the act of being tempted by a new, attractive option while ignoring a 
[50/206] dg: This meme depicts a couple walking together, but the girlfriend is distracted by a strange
[51/206] disastergirl: This meme features a young girl smiling innocently in the foreground while a house burns i
[52/206] dragon: This meme expresses the humor of someone making an unrealistic or impossible wish (like a 
[53/206] dodgson: This meme expresses a sense of indifference and apathy, highlighting that a specific event
[54/206] doge: This meme features the famous Shiba Inu 'Doge' with a wide-eyed, slightly confused, and in
[55/206] drake: This meme template uses the famous 'Drake Hotline Bling' format to express a strong prefer
[56/206] drowning: This meme depicts a person asking for help or attention, only to be met with a dismissive 
[57/206] ds: This meme expresses the feeling of being overwhelmed or exhausted by a difficult choice be
[58/206] drunk: This meme features a baby sitting next to a glass of beer, looking dazed or tipsy, which i
[59/206] dsm: This meme features a man with a menacing, intense stare, often used to express a dark, thr
[60/206] dwight: This meme uses the character Michael Scott's deadpan, pedantic delivery of 'Schrute Facts'
[61/206] elf: This meme features Will Ferrell as Buddy the Elf looking stern and unamused, used to expre
[62/206] elmo: This meme depicts a character (Elmo) choosing a harmful or chaotic option (cocaine) over a
[63/206] ermg: This meme features a girl making an exaggerated, cutesy 'ermahgerd' face while holding a p
[64/206] facepalm: This meme expresses deep frustration, exhaustion, or secondhand embarrassment in response 
[65/206] fa: This meme expresses a deep sense of isolation, loneliness, and being left behind, often wi
[66/206] exit: This meme uses the visual of a car drifting off a highway exit to represent a situation wh
[67/206] fbf: This meme expresses a smug, self-satisfied, or 'foul' attitude, often used to describe a s
[68/206] feelsgood: This meme features a bald man with a blissful expression, hands on his cheeks, representin
[69/206] fine: This meme features a dog sitting calmly in a burning room, expressing a sarcastic or delus
[70/206] fetch: This meme expresses a tone of exasperated finality and refusal to waste energy on futile e
[71/206] firsttry: This meme expresses the idea of achieving a difficult or complex goal with the ease and co
[72/206] friends: This meme depicts a social interaction where a third party asks two people if they are fri
[73/206] fmr: This meme expresses a tone of aggressive, unapologetic confidence or a provocative challen
[74/206] fry: This meme uses Fry's skeptical, side-eye expression to express confusion or suspicion abou
[75/206] fwp: This meme expresses the attitude of 'First World Problems,' where the user is crying or co
[76/206] gandalf: This meme expresses sudden, disoriented confusion or a feeling of being completely lost in
[77/206] gb: The meme illustrates a progression of increasing intelligence or complexity, where each st
[78/206] genie: This meme contrasts a character's massive, powerful, or impressive appearance with their a
[79/206] gears: This meme expresses intense, often humorous frustration or annoyance at a specific situati
[80/206] glasses: This meme uses the image of Peter Parker putting on his glasses to represent a sudden, dra
[81/206] ggg: The meme features a man with a cigarette in his nose, making a goofy and slightly deranged
[82/206] gone: This meme expresses sudden disappointment, frustration, or the abrupt failure of a situati
[83/206] grave: This meme uses the ironic contrast of Grant Gustin smiling and making a peace sign next to
[84/206] gru: This meme depicts a character confidently presenting a plan that is immediately revealed t
[85/206] grumpycat: This meme features Grumpy Cat, a cat with a permanently scowling expression, used to expre
[86/206] hagrid: This meme uses the image of a bearded man with a guilty, sheepish expression to represent 
[87/206] handshake: This meme depicts two muscular arms of different skin tones gripping each other tightly in
[88/206] happening: This meme expresses extreme excitement, triumph, or euphoria about a specific event finall
[89/206] harold: This meme features an older man smiling broadly while holding a coffee mug, using his expr
[90/206] headaches: This meme uses the 'Types of Headaches' template to express that a specific situation or t
[91/206] home: This meme is used to mock a situation where a solution or resource is claimed to exist, bu
[92/206] hipster: This meme features a stereotypical hipster barista with a beard, glasses, and a scarf, oft
[93/206] icanhas: This meme features a grey cat with a wide-eyed, open-mouthed expression that conveys inten
[94/206] imsorry: This meme expresses shock, disgust, or disbelief at seeing something that is chaotic, inap
[95/206] inigo: This meme uses a still of Inigo Montoya to deliver the famous line 'You keep using that wo
[96/206] interesting: This meme features the 'Most Interesting Man in the World' to express a confident, witty, 
[97/206] iw: This meme expresses extreme, unhinged frustration or rage in response to a specific trigge
[98/206] ive: This meme features Jony Ive, the famous Apple designer, looking smug and confident while e
[99/206] jetpack: The meme depicts a character frantically running away while leaving a trail of smoke, expr
[100/206] jd: This meme uses a portrait of a man pointing directly at the viewer to express a sudden, in
[101/206] jim: This meme uses the character Jim Halpert to deliver a calm, reasonable, and slightly smug 
[102/206] joker: This meme uses the Joker from 'The Dark Knight' to deliver a darkly humorous, over-the-top
[103/206] jw: This meme expresses a reaction of shock, disbelief, or concern to a reckless or ill-advise
[104/206] keanu: This meme uses a close-up of Keanu Reeves with a shocked expression to present a paranoid,
[105/206] kermit: This meme expresses a passive-aggressive or detached attitude where the speaker acknowledg
[106/206] khaby-lame: This meme features Khaby Lame performing his signature shrug to express that a complex pro
[107/206] kk: This meme expresses a smug, hyper-aggressive, and delusional attitude of violent retributi
[108/206] kombucha: This meme expresses a transition from intense skepticism, confusion, or disgust to sudden,
[109/206] kramer: This meme is used to express confusion or shock at a bizarre, nonsensical, or chaotic situ
[110/206] leo: This meme features Leonardo DiCaprio walking with a confident, slightly confused, or obliv
[111/206] light: This meme uses the iconic 'King Lion' scene to express a sense of grand ownership, ambitio
[112/206] ll: This meme features a lizard with its mouth wide open, resembling a loud, uncontrolled laug
[113/206] live: This meme features a man shouting with intense passion, used to express a strong, often ag
[114/206] made: This meme is a humorous and defensive reaction to someone questioning the originality or a
[115/206] lrv: This meme depicts a man in a flooded laundry room wearing Viking horns and rowing a bucket
[116/206] mb: This meme uses a bunch of purple berries with cute faces to express a sudden, often humoro
[117/206] michael-scott: This meme expresses extreme panic, horror, or desperate denial in response to a catastroph
[118/206] midwit: This meme uses a normal distribution curve to categorize people into three groups: the 'du
[119/206] millers: This meme expresses outrage and disbelief at a perceived unfair distribution of rewards or
[120/206] mmm: The meme depicts a child standing next to a microwave that contains a completely burnt or 
[121/206] mini-keanu: This meme features Keanu Reeves in a crouched, intense stance, expressing a state of extre
[122/206] money: This meme expresses an overwhelming desire to purchase something immediately, often in a h
[123/206] mordor: This meme features Aragorn from 'The Lord of the Rings' explaining that entering Mordor is
[124/206] morpheus: This meme uses the serious, prophetic look of Morpheus from The Matrix to deliver a shocki
[125/206] mouth: This meme depicts a situation where one party is excitedly pushing forward an idea while a
[126/206] mw: This meme features a confident, smiling older man (often identified as George Lucas) who i
[127/206] nails: This meme depicts a futile and absurd attempt to impose order or permanence on something i
[128/206] nice: This meme features a man looking slightly confused or unimpressed, often used to express a
[129/206] noah: This meme expresses deep confusion and disbelief at a nonsensical or absurd combination of
[130/206] noidea: This meme expresses a state of total confusion or incompetence, where the user is pretendi
[131/206] oag: This meme expresses extreme, obsessive possessiveness and jealousy, often in a humorous or
[132/206] ntot: This meme expresses a strict boundary regarding physical affection, specifically rejecting
[133/206] officespace: This meme expresses passive-aggressive frustration or sarcastic disappointment regarding a
[134/206] older: This meme expresses a grudging acceptance of something outdated or unconventional that sti
[135/206] oprah: This meme captures a moment of extreme, over-the-top excitement and generosity, where the 
[136/206] patrick: This meme expresses a strong, often aggressive desire to move a specific problem, person, 
[137/206] panik-kalm-panik: This meme expresses a cycle of sudden panic, temporary relief, and a return to panic, ofte
[138/206] perfection: This meme is a reaction to a series of disappointing options or attempts, where the speake
[139/206] persian: This meme features a white Persian cat with a wide-eyed, shocked expression, sitting in a 
[140/206] pooh: This meme uses the visual contrast between Winnie the Pooh in his casual red shirt and his
[141/206] philosoraptor: This meme features a raptor in a thoughtful pose, representing a 'philosophical' or deep-t
[142/206] pigeon: This meme expresses the absurdity of a specific group or person applying a strict, paranoi
[143/206] pool: This meme depicts a mother in a pool who is so distracted by playing with one child that s
[144/206] prop3: This meme is a reaction to complex, controversial, or overly complicated topics that are t
[145/206] ptj: This meme uses a scene from 'Friends' where Phoebe is explaining something to Joey to repr
[146/206] puffin: This meme uses the image of a puffin looking down at its own foot to express a contrarian 
[147/206] red: This meme expresses a tone of weary resignation or sarcastic disbelief at a sudden, often 
[148/206] regret: This meme expresses the sudden and intense regret of having made a poor choice. The top te
[149/206] remembers: This meme is a nostalgic reference to the Pepperidge Farm slogan, used to humorously recal
[150/206] reveal: This meme expresses the moment of unmasking a deceiver, revealing that a seemingly innocen
[151/206] right: This meme uses a scene from Star Wars to humorously depict a situation where a confident o
[152/206] sad-biden: This meme uses a photo of Joe Biden looking somber and disappointed to express feelings of
[153/206] rollsafe: This meme features a man making a 'shh' or 'secret' gesture with a smug, knowing smile. It
[154/206] sad-boehner: This meme features a close-up of politician John Boehner with a deeply disappointed and sa
[155/206] sad-clinton: This meme features a close-up of Bill Clinton with a deeply disappointed, frowning express
[156/206] sad-bush: This meme uses a photo of George W. Bush looking downcast to express feelings of disappoin
[157/206] sad-obama: This meme uses a photo of Barack Obama looking down with a somber expression to express di
[158/206] sadfrog: This meme features the character Pepe the Frog with a sad, disappointed expression, often 
[159/206] saltbae: This meme features the influencer 'Salt Bae' performing his signature dramatic, slow-motio
[160/206] same: This meme expresses the absurdity of being asked to find differences between two identical
[161/206] sarcasticbear: This meme features a bear with a wide-open mouth and an exaggerated expression, used to co
[162/206] say: This meme depicts a chaotic classroom scene where a teacher asks a student to answer a que
[163/206] sb: This meme depicts the brain as a 'scumbag' that actively sabotages your life by doing the 
[164/206] seagull: This meme depicts an intense, overwhelming outburst of emotion, typically screaming or sho
[165/206] sf: This meme features a baby seal looking up with large, innocent eyes from inside a wicker b
[166/206] scc: This meme depicts a character having a sudden, jarring realization or 'epiphany' about a f
[167/206] sk: This meme uses the image of a child with a skeptical, unimpressed expression to mock absur
[168/206] slap: This meme expresses a sudden, aggressive, or humorous interruption of a positive situation
[169/206] ski: This meme features a stern-looking ski instructor from South Park, often used to represent
[170/206] snek: This meme expresses a feeling of quiet suspicion, disbelief, or passive-aggressive judgmen
[171/206] soa: This meme features a close-up of a seal with its eyes closed and a slight smile, looking l
[172/206] sohot: This meme uses the image of a flamboyant, screaming character to express that a specific t
[173/206] sohappy: This meme expresses a state of pure, childlike joy and excitement, often in response to a 
[174/206] soup-nazi: This meme features a stern chef pointing a finger, used to express a firm refusal, denial,
[175/206] sparta: This meme expresses an intense, aggressive outburst of frustration or anger, often in resp
[176/206] spiderman: This meme depicts a mutual accusation or a shared responsibility, where two parties are po
[177/206] spirit: This meme uses the 'Spirit Halloween' costume packaging to mock a product, person, or situ
[178/206] spongebob: This meme expresses a sense of shock, disbelief, or confusion in response to a statement o
[179/206] ss: This meme features a man with a smug, unapologetic expression, representing a character wh
[180/206] stew: This meme expresses a playful, teasing, or slightly suspicious attitude, often implying th
[181/206] stonks: This meme features a confident, bald man in a suit standing in front of a stock market dis
[182/206] stop: This meme template is used to mock a situation where someone is being confused or frighten
[183/206] stop-it: This meme features Michael Jordan in a serious, stern pose, typically used to express stro
[184/206] success: The 'Success Kid' meme features a baby with a triumphant, determined expression and a clen
[185/206] tenguy: This meme uses a photo of a man with a smug, self-assured expression to represent someone 
[186/206] toohigh: This meme features a man shouting passionately to express extreme frustration that a speci
[187/206] touch: This meme uses Principal Skinner's shift from a smug, self-assured pose to a shocked, wide
[188/206] tried: This meme expresses a tone of gentle consolation and acceptance, often used to acknowledge
[189/206] trump: This meme features Donald Trump shouting emphatically with both index fingers raised, capt
[190/206] vince: This meme depicts a progression of escalating excitement and shock, moving from mild surpr
[191/206] ugandanknuck: This meme features a crudely drawn, red Sonic character with a tribal headband and spear, 
[192/206] waygd: This meme expresses a smug, resigned, or chaotic acceptance of a situation, often implying
[193/206] wallet: This meme depicts a logical but ultimately flawed argument where someone claims ownership 
[194/206] wddth: This meme expresses a firm, authoritative rejection of a specific behavior or social norm,
[195/206] whatyear: This meme features a confused, disheveled man with a long beard looking up, expressing tot
[196/206] winter: This meme uses the serious, grim expression of Ned Stark to announce an impending, often n
[197/206] wishes: This meme references the classic 'genie' trope where a wisher is bound by strict rules (no
[198/206] wkh: This meme depicts a stand-up comedian shooting a man on stage to represent a victim, then 
[199/206] wonka: This meme is used to mock someone for being ignorant, naive, or clueless about a specific 
[200/206] woman-cat: This meme expresses a reaction of shock, confusion, or absurdity towards a completely unbo
[201/206] worst: This meme expresses a situation where a person is having a terrible day, and a friend or f
[202/206] xy: This meme depicts a character screaming with intense enthusiasm while holding a torch, rep
[203/206] yallgot: This meme features a man asking for more of something, expressing a craving or a desperate
[204/206] yuno: This meme expresses intense frustration, anger, or exasperation at a specific situation or
[205/206] yodawg: This meme features Xzibit's iconic 'Yo Dawg' catchphrase, which is used to introduce a sta
[206/206] zero-wing: This meme features a pixelated character from the game Zero Wing, originally a glitched tr
