Loading weights:   0%|          | 0/624 [00:00<?, ?it/s]Loading weights: 100%|██████████| 624/624 [00:00<00:00, 25067.00it/s]
[1/209] 3hd: 3 points
[2/209] aag: 41 points
[3/209] ackbar: 25 points
[4/209] afraid: 3 points
[5/209] agnes: 3 points
[6/209] aint-got-time: 41 points
[7/209] ams: 41 points
[8/209] ants: 41 points
[9/209] apcr: 3 points
[10/209] astronaut: 3 points
[11/209] atis: 41 points
[12/209] away: 3 points
[13/209] awesome: 41 points
[14/209] awesome-awkward: 41 points
[15/209] awkward: 41 points
[16/209] awkward-awesome: 41 points
[17/209] bad: 9 points
[18/209] badchoice: 5 points
[19/209] balloon: 41 points
[20/209] bd: 41 points
[21/209] because: 3 points
[22/209] bender: 3 points
[23/209] bihw: 3 points
[24/209] bilbo: 3 points
[25/209] biw: 3 points
[26/209] blb: 41 points
[27/209] boat: 41 points
[28/209] bongo: 3 points
[29/209] both: 3 points
[30/209] box: 3 points
[31/209] bs: 3 points
[32/209] bus: 3 points
[33/209] buzz: 41 points
[34/209] cake: 3 points
[35/209] captain: 41 points
[36/209] captain-america: 3 points
[37/209] cb: 41 points
[38/209] cbb: 3 points
[39/209] cbg: 3 points
[40/209] center: 3 points
[41/209] ch: 41 points
[42/209] chair: 41 points
[43/209] cheems: 3 points
[44/209] chosen: 41 points
[45/209] cmm: 41 points
[46/209] country: 3 points
[47/209] crazypills: 3 points
[48/209] crow: 3 points
[49/209] crowd: 3 points
[50/209] cryingfloor: 3 points
[51/209] db: 3 points
[52/209] dbg: 3 points
[53/209] dg: 3 points
[54/209] disastergirl: 41 points
[55/209] dodgson: 41 points
[56/209] doge: 41 points
[57/209] dragon: 3 points
[58/209] drake: 41 points
[59/209] drowning: 3 points
[60/209] drunk: 41 points
[61/209] ds: 41 points
[62/209] dsm: 41 points
[63/209] dwight: 41 points
[64/209] elf: 3 points
[65/209] elmo: 3 points
[66/209] ermg: 41 points
[67/209] exit: 41 points
[68/209] fa: 41 points
[69/209] facepalm: 41 points
[70/209] fbf: 41 points
[71/209] feelsgood: 3 points
[72/209] fetch: 7 points
[73/209] fine: 3 points
[74/209] firsttry: 3 points
[75/209] fmr: 41 points
[76/209] friends: 3 points
[77/209] fry: 41 points
[78/209] fwp: 41 points
[79/209] gandalf: 11 points
[80/209] gb: 41 points
[81/209] gears: 29 points
[82/209] genie: 3 points
[83/209] ggg: 41 points
[84/209] glasses: 3 points
[85/209] gone: 41 points
[86/209] grave: 3 points
[87/209] gru: 3 points
[88/209] grumpycat: 41 points
[89/209] hagrid: 7 points
[90/209] handshake: 41 points
[91/209] happening: 3 points
[92/209] harold: 41 points
[93/209] headaches: 3 points
[94/209] hipster: 41 points
[95/209] home: 3 points
[96/209] icanhas: 3 points
[97/209] imsorry: 3 points
[98/209] inigo: 29 points
[99/209] interesting: 41 points
[100/209] ive: 3 points
[101/209] iw: 41 points
[102/209] jd: 41 points
[103/209] jetpack: 41 points
[104/209] jim: 3 points
[105/209] joker: 41 points
[106/209] jw: 3 points
[107/209] keanu: 41 points
[108/209] kermit: 41 points
[109/209] khaby-lame: 3 points
[110/209] kk: 41 points
[111/209] kombucha: 3 points
[112/209] kramer: 3 points
[113/209] leo: 3 points
[114/209] light: 3 points
[115/209] live: 3 points
[116/209] ll: 3 points
[117/209] lrv: 3 points
[118/209] made: 3 points
[119/209] mb: 3 points
[120/209] michael-scott: 3 points
[121/209] midwit: 1 points
[122/209] millers: 3 points
[123/209] mini-keanu: 3 points
[124/209] mmm: 3 points
[125/209] money: 3 points
[126/209] mordor: 41 points
[127/209] morpheus: 41 points
[128/209] mouth: 3 points
[129/209] mw: 3 points
[130/209] nails: 3 points
[131/209] nice: 3 points
[132/209] noah: 3 points
[133/209] noidea: 37 points
[134/209] ntot: 3 points
[135/209] oag: 41 points
[136/209] officespace: 41 points
[137/209] older: 3 points
[138/209] oprah: 41 points
[139/209] panik-kalm-panik: 3 points
[140/209] patrick: 41 points
[141/209] perfection: 3 points
[142/209] persian: 3 points
[143/209] philosoraptor: 41 points
[144/209] pigeon: 41 points
[145/209] pooh: 41 points
[146/209] pool: 3 points
[147/209] prop3: 3 points
[148/209] ptj: 3 points
[149/209] puffin: 3 points
[150/209] red: 3 points
[151/209] regret: 3 points
[152/209] remembers: 31 points
[153/209] reveal: 3 points
[154/209] right: 3 points
[155/209] rollsafe: 41 points
[156/209] sad-biden: 3 points
[157/209] sad-boehner: 3 points
[158/209] sad-bush: 3 points
[159/209] sad-clinton: 3 points
[160/209] sad-obama: 3 points
[161/209] sadfrog: 41 points
[162/209] saltbae: 3 points
[163/209] same: 3 points
[164/209] sarcasticbear: 3 points
[165/209] say: 3 points
[166/209] sb: 41 points
[167/209] scc: 25 points
[168/209] seagull: 41 points
[169/209] sf: 3 points
[170/209] sk: 41 points
[171/209] ski: 3 points
[172/209] slap: 3 points
[173/209] snek: 3 points
[174/209] soa: 23 points
[175/209] sohappy: 3 points
[176/209] sohot: 41 points
[177/209] soup-nazi: 37 points
[178/209] sparta: 41 points
[179/209] spiderman: 3 points
[180/209] spirit: 3 points
[181/209] spongebob: 41 points
[182/209] ss: 41 points
[183/209] stew: 3 points
[184/209] stonks: 3 points
[185/209] stop: 3 points
[186/209] stop-it: 3 points
[187/209] success: 41 points
[188/209] tenguy: 41 points
[189/209] toohigh: 41 points
[190/209] touch: 3 points
[191/209] tried: 3 points
[192/209] trump: 33 points
[193/209] ugandanknuck: 3 points
[194/209] vince: 3 points
[195/209] wallet: 3 points
[196/209] waygd: 3 points
[197/209] wddth: 3 points
[198/209] whatyear: 9 points
[199/209] winter: 41 points
[200/209] wishes: 3 points
[201/209] wkh: 41 points
[202/209] woman-cat: 41 points
[203/209] wonka: 41 points
[204/209] worst: 3 points
[205/209] xy: 41 points
[206/209] yallgot: 41 points
[207/209] yodawg: 41 points
[208/209] yuno: 41 points
[209/209] zero-wing: 3 points
collection size: 3937
snapshot: /Users/mschiele/Spielerei/memechat/data/memes.snapshot 721973 KiB
